[2025-04-27 20:07:23] ERROR: Error selecting category 'Gaming': Message: Failed to find category option 'Gaming' with any XPath.
. 
[2025-04-27 20:07:23] Error selecting category 'Gaming' for 1: Message: Failed to find category option 'Gaming' with any XPath.

Traceback (most recent call last):
  File "C:\Users\SHAHID ALI\Desktop\GTA 6 YT Script - self improve test\uploader.py", line 1033, in upload_video
    category_option = WebDriverWait(driver, 5).until(EC.element_to_be_clickable((By.XPATH, xpath_opt)))
  File "C:\Users\SHAHID ALI\AppData\Local\Programs\Python\Python313\Lib\site-packages\selenium\webdriver\support\wait.py", line 146, in until
    raise TimeoutException(message, screen, stacktrace)
selenium.common.exceptions.TimeoutException: Message: 
Stacktrace:
RemoteError@chrome://remote/content/shared/RemoteError.sys.mjs:8:8
WebDriverError@chrome://remote/content/shared/webdriver/Errors.sys.mjs:197:5
NoSuchElementError@chrome://remote/content/shared/webdriver/Errors.sys.mjs:527:5
dom.find/</<@chrome://remote/content/shared/DOM.sys.mjs:136:16


During handling of the above exception, another exception occurred:

Traceback (most recent call last):
  File "C:\Users\SHAHID ALI\Desktop\GTA 6 YT Script - self improve test\uploader.py", line 1039, in upload_video
    raise TimeoutException(f"Failed to find category option '{category_to_use}' with any XPath.")
selenium.common.exceptions.TimeoutException: Message: Failed to find category option 'Gaming' with any XPath.


[2025-04-27 20:07:41] ERROR: Failed to find or click 'Next' button (Step 1 - Details) after 3 attempts.
[2025-04-27 20:15:09] ERROR: Failed to find or click 'Next' button (Step 1 - Details) after 3 attempts.
[2025-04-28 16:36:53] ERROR: Unexpected error during 'Schedule' block: Message: Failed to find Schedule radio button with any XPath.

Traceback (most recent call last):
  File "C:\Users\SHAHID ALI\Desktop\GTA 6 YT Script - self improve test\uploader.py", line 1363, in upload_video
    if i == len(schedule_radio_xpath_options) - 1: raise TimeoutException("Failed to find Schedule radio button with any XPath.")
                                                   ^^^^^^^^^^^^^^^^^^^^^^^^^^^^^^^^^^^^^^^^^^^^^^^^^^^^^^^^^^^^^^^^^^^^^^^^^^^^^^
selenium.common.exceptions.TimeoutException: Message: Failed to find Schedule radio button with any XPath.


[2025-04-28 16:36:53] ERROR: Upload Attempt 1 FAILED (No YT ID returned).
